In cycle 23: Write $0 Error
In cycle 24: Write $0 Error
In cycle 25: Write $0 Error
In cycle 26: Write $0 Error
In cycle 27: Write $0 Error
In cycle 31: Number Overflow
In cycle 36: Number Overflow
In cycle 40: Number Overflow
In cycle 46: Number Overflow
In cycle 51: Number Overflow
In cycle 66: Number Overflow
In cycle 67: Write $0 Error
In cycle 68: Write $0 Error
In cycle 69: Write $0 Error
In cycle 70: Write $0 Error
In cycle 71: Write $0 Error
In cycle 72: Write $0 Error
In cycle 73: Write $0 Error
In cycle 74: Write $0 Error
In cycle 75: Write $0 Error
In cycle 76: Write $0 Error
In cycle 77: Write $0 Error
In cycle 77: Number Overflow
In cycle 78: Number Overflow
In cycle 95: Write $0 Error
In cycle 96: Write $0 Error
In cycle 97: Write $0 Error
In cycle 98: Write $0 Error
In cycle 99: Write $0 Error
In cycle 100: Write $0 Error
In cycle 456: Number Overflow
In cycle 467: Number Overflow
In cycle 478: Number Overflow
In cycle 489: Number Overflow
In cycle 500: Number Overflow
In cycle 511: Number Overflow
In cycle 522: Number Overflow
In cycle 533: Number Overflow
In cycle 544: Number Overflow
In cycle 555: Number Overflow
In cycle 566: Number Overflow
In cycle 577: Number Overflow
In cycle 588: Number Overflow
In cycle 599: Number Overflow
In cycle 610: Number Overflow
In cycle 621: Number Overflow
In cycle 632: Number Overflow
In cycle 643: Number Overflow
In cycle 654: Number Overflow
In cycle 665: Number Overflow
In cycle 676: Number Overflow
In cycle 687: Number Overflow
In cycle 698: Number Overflow
In cycle 709: Number Overflow
In cycle 720: Number Overflow
In cycle 731: Number Overflow
In cycle 742: Number Overflow
In cycle 753: Number Overflow
In cycle 764: Number Overflow
In cycle 775: Number Overflow
In cycle 786: Number Overflow
In cycle 3594: Number Overflow
In cycle 3615: Address Overflow
