In cycle 271: Write $0 Error
In cycle 272: Write $0 Error
In cycle 273: Write $0 Error
In cycle 274: Write $0 Error
In cycle 275: Write $0 Error
In cycle 276: Write $0 Error
In cycle 277: Write $0 Error
In cycle 278: Write $0 Error
In cycle 279: Write $0 Error
In cycle 280: Write $0 Error
In cycle 281: Write $0 Error
In cycle 282: Write $0 Error
In cycle 283: Write $0 Error
In cycle 284: Write $0 Error
In cycle 285: Write $0 Error
In cycle 286: Write $0 Error
In cycle 287: Write $0 Error
In cycle 288: Write $0 Error
In cycle 289: Write $0 Error
In cycle 290: Write $0 Error
In cycle 291: Write $0 Error
In cycle 292: Write $0 Error
In cycle 295: Number Overflow
In cycle 296: Number Overflow
In cycle 298: Number Overflow
In cycle 299: Number Overflow
In cycle 300: Number Overflow
In cycle 301: Number Overflow
In cycle 311: Write $0 Error
In cycle 312: Write $0 Error
In cycle 313: Write $0 Error
In cycle 314: Write $0 Error
In cycle 315: Write $0 Error
In cycle 316: Write $0 Error
In cycle 317: Write $0 Error
In cycle 318: Write $0 Error
In cycle 320: Write $0 Error
In cycle 321: Write $0 Error
In cycle 322: Write $0 Error
In cycle 323: Write $0 Error
In cycle 324: Write $0 Error
In cycle 325: Write $0 Error
In cycle 326: Write $0 Error
In cycle 327: Write $0 Error
In cycle 328: Write $0 Error
In cycle 329: Write $0 Error
In cycle 330: Write $0 Error
In cycle 331: Write $0 Error
In cycle 332: Write $0 Error
In cycle 635: Write $0 Error
In cycle 636: Write $0 Error
In cycle 637: Write $0 Error
In cycle 638: Write $0 Error
In cycle 639: Write $0 Error
In cycle 640: Write $0 Error
In cycle 641: Write $0 Error
In cycle 642: Write $0 Error
In cycle 643: Write $0 Error
In cycle 644: Write $0 Error
In cycle 645: Write $0 Error
In cycle 646: Write $0 Error
In cycle 647: Write $0 Error
In cycle 648: Write $0 Error
In cycle 649: Write $0 Error
In cycle 650: Write $0 Error
In cycle 651: Write $0 Error
In cycle 652: Write $0 Error
In cycle 653: Write $0 Error
In cycle 654: Write $0 Error
In cycle 655: Write $0 Error
In cycle 656: Write $0 Error
In cycle 659: Number Overflow
In cycle 660: Number Overflow
In cycle 662: Number Overflow
In cycle 663: Number Overflow
In cycle 664: Number Overflow
In cycle 665: Number Overflow
In cycle 675: Write $0 Error
In cycle 676: Write $0 Error
In cycle 677: Write $0 Error
In cycle 678: Write $0 Error
In cycle 679: Write $0 Error
In cycle 680: Write $0 Error
In cycle 681: Write $0 Error
In cycle 682: Write $0 Error
In cycle 684: Write $0 Error
In cycle 685: Write $0 Error
In cycle 686: Write $0 Error
In cycle 687: Write $0 Error
In cycle 688: Write $0 Error
In cycle 689: Write $0 Error
In cycle 690: Write $0 Error
In cycle 691: Write $0 Error
In cycle 692: Write $0 Error
In cycle 693: Write $0 Error
In cycle 694: Write $0 Error
In cycle 695: Write $0 Error
In cycle 696: Write $0 Error
In cycle 1000: Write $0 Error
In cycle 1001: Write $0 Error
In cycle 1002: Write $0 Error
In cycle 1003: Write $0 Error
In cycle 1004: Write $0 Error
In cycle 1005: Write $0 Error
In cycle 1006: Write $0 Error
In cycle 1007: Write $0 Error
In cycle 1008: Write $0 Error
In cycle 1009: Write $0 Error
In cycle 1010: Write $0 Error
In cycle 1011: Write $0 Error
In cycle 1012: Write $0 Error
In cycle 1013: Write $0 Error
In cycle 1014: Write $0 Error
In cycle 1015: Write $0 Error
In cycle 1016: Write $0 Error
In cycle 1017: Write $0 Error
In cycle 1018: Write $0 Error
In cycle 1019: Write $0 Error
In cycle 1020: Write $0 Error
In cycle 1021: Write $0 Error
In cycle 1024: Number Overflow
In cycle 1025: Number Overflow
In cycle 1027: Number Overflow
In cycle 1028: Number Overflow
In cycle 1029: Number Overflow
In cycle 1030: Number Overflow
In cycle 1040: Write $0 Error
In cycle 1041: Write $0 Error
In cycle 1042: Write $0 Error
In cycle 1043: Write $0 Error
In cycle 1044: Write $0 Error
In cycle 1045: Write $0 Error
In cycle 1046: Write $0 Error
In cycle 1047: Write $0 Error
In cycle 1049: Write $0 Error
In cycle 1050: Write $0 Error
In cycle 1051: Write $0 Error
In cycle 1052: Write $0 Error
In cycle 1053: Write $0 Error
In cycle 1054: Write $0 Error
In cycle 1055: Write $0 Error
In cycle 1056: Write $0 Error
In cycle 1057: Write $0 Error
In cycle 1058: Write $0 Error
In cycle 1059: Write $0 Error
In cycle 1060: Write $0 Error
In cycle 1061: Write $0 Error
In cycle 1083: Address Overflow
In cycle 1083: Misalignment Error
