In cycle 4: Number Overflow
In cycle 8: Write $0 Error
In cycle 56: Number Overflow
In cycle 60: Write $0 Error
In cycle 108: Number Overflow
In cycle 112: Write $0 Error
In cycle 160: Number Overflow
In cycle 164: Write $0 Error
In cycle 212: Number Overflow
In cycle 216: Write $0 Error
In cycle 264: Number Overflow
In cycle 268: Write $0 Error
In cycle 316: Number Overflow
In cycle 320: Write $0 Error
In cycle 368: Number Overflow
In cycle 372: Write $0 Error
In cycle 420: Number Overflow
In cycle 424: Write $0 Error
In cycle 472: Number Overflow
In cycle 476: Write $0 Error
In cycle 524: Number Overflow
In cycle 528: Write $0 Error
In cycle 576: Number Overflow
In cycle 580: Write $0 Error
In cycle 628: Number Overflow
In cycle 632: Write $0 Error
In cycle 680: Number Overflow
In cycle 684: Write $0 Error
In cycle 732: Number Overflow
In cycle 736: Write $0 Error
In cycle 784: Number Overflow
In cycle 788: Write $0 Error
In cycle 793: Write $0 Error
In cycle 794: Write $0 Error
In cycle 795: Write $0 Error
In cycle 796: Write $0 Error
In cycle 797: Write $0 Error
In cycle 798: Write $0 Error
In cycle 799: Write $0 Error
In cycle 800: Write $0 Error
In cycle 801: Write $0 Error
In cycle 803: Address Overflow
In cycle 803: Misalignment Error
